// Jest Snapshot v1, https://goo.gl/fbAQLP

exports[`ConfirmWindow успешный рендеринг окна 1`] = `
Object {
  "asFragment": [Function],
  "baseElement": <body>
    <div>
      <div
        class="background"
      />
      <div
        class="body"
        data-testid="confirm-window"
      >
        <div
          class="header"
        >
          <div
            class="header_text"
          >
            Внимание
          </div>
          <div>
            <button
              class="btn_close"
            >
              <img
                alt="btn_close"
                height="15"
                src="del.png"
                width="15"
              />
            </button>
          </div>
        </div>
        <div
          class="content"
        >
          <div
            class="text"
          >
            Text for confirm
          </div>
          <div
            class="buttons"
          >
            <div>
              <button>
                Да
              </button>
              <button>
                Нет
              </button>
            </div>
          </div>
        </div>
      </div>
    </div>
  </body>,
  "container": <div>
    <div
      class="background"
    />
    <div
      class="body"
      data-testid="confirm-window"
    >
      <div
        class="header"
      >
        <div
          class="header_text"
        >
          Внимание
        </div>
        <div>
          <button
            class="btn_close"
          >
            <img
              alt="btn_close"
              height="15"
              src="del.png"
              width="15"
            />
          </button>
        </div>
      </div>
      <div
        class="content"
      >
        <div
          class="text"
        >
          Text for confirm
        </div>
        <div
          class="buttons"
        >
          <div>
            <button>
              Да
            </button>
            <button>
              Нет
            </button>
          </div>
        </div>
      </div>
    </div>
  </div>,
  "debug": [Function],
  "findAllByAltText": [Function],
  "findAllByDisplayValue": [Function],
  "findAllByLabelText": [Function],
  "findAllByPlaceholderText": [Function],
  "findAllByRole": [Function],
  "findAllByTestId": [Function],
  "findAllByText": [Function],
  "findAllByTitle": [Function],
  "findByAltText": [Function],
  "findByDisplayValue": [Function],
  "findByLabelText": [Function],
  "findByPlaceholderText": [Function],
  "findByRole": [Function],
  "findByTestId": [Function],
  "findByText": [Function],
  "findByTitle": [Function],
  "getAllByAltText": [Function],
  "getAllByDisplayValue": [Function],
  "getAllByLabelText": [Function],
  "getAllByPlaceholderText": [Function],
  "getAllByRole": [Function],
  "getAllByTestId": [Function],
  "getAllByText": [Function],
  "getAllByTitle": [Function],
  "getByAltText": [Function],
  "getByDisplayValue": [Function],
  "getByLabelText": [Function],
  "getByPlaceholderText": [Function],
  "getByRole": [Function],
  "getByTestId": [Function],
  "getByText": [Function],
  "getByTitle": [Function],
  "queryAllByAltText": [Function],
  "queryAllByDisplayValue": [Function],
  "queryAllByLabelText": [Function],
  "queryAllByPlaceholderText": [Function],
  "queryAllByRole": [Function],
  "queryAllByTestId": [Function],
  "queryAllByText": [Function],
  "queryAllByTitle": [Function],
  "queryByAltText": [Function],
  "queryByDisplayValue": [Function],
  "queryByLabelText": [Function],
  "queryByPlaceholderText": [Function],
  "queryByRole": [Function],
  "queryByTestId": [Function],
  "queryByText": [Function],
  "queryByTitle": [Function],
  "rerender": [Function],
  "unmount": [Function],
}
`;
